# Progress events only; model reasoning text intentionally omitted.
[2026-09-05T17:08:10.074Z] Starting OpenCode Task.
[2026-09-05T17:08:10.074Z] Queued for background execution.
[2026-09-05T17:08:10.341Z] Starting OpenCode task session.
[2026-09-05T17:08:18.123Z] OpenCode started a response step.
[2026-09-05T17:08:19.328Z] OpenCode is reasoning.
[2026-09-05T17:08:19.328Z] Reasoning summary
[2026-09-05T17:08:19.447Z] Completed read.
[2026-09-05T17:08:19.562Z] Completed read.
[2026-09-05T17:08:19.741Z] Completed read.
[2026-09-05T17:08:19.871Z] Completed read.
[2026-09-05T17:08:19.898Z] OpenCode response step finished (tool-calls).
[2026-09-05T17:08:21.043Z] OpenCode started a response step.
[2026-09-05T17:08:21.162Z] OpenCode is reasoning.
[2026-09-05T17:08:21.162Z] Reasoning summary
[2026-09-05T17:08:22.349Z] Completed bash.
[2026-09-05T17:08:22.382Z] OpenCode response step finished (tool-calls).
[2026-09-05T17:08:24.074Z] OpenCode started a response step.
[2026-09-05T17:08:24.784Z] Completed bash.
[2026-09-05T17:08:24.817Z] OpenCode response step finished (tool-calls).
[2026-09-05T17:08:28.634Z] OpenCode started a response step.
[2026-09-05T17:08:30.548Z] Completed bash.
[2026-09-05T17:08:30.584Z] OpenCode response step finished (tool-calls).
[2026-09-05T17:08:31.775Z] OpenCode started a response step.
[2026-09-05T17:09:07.722Z] OpenCode is reasoning.
[2026-09-05T17:09:07.722Z] Reasoning summary
[2026-09-05T17:09:09.436Z] Completed read.
[2026-09-05T17:09:10.722Z] Completed read.
[2026-09-05T17:09:11.584Z] Completed read.
[2026-09-05T17:09:12.468Z] OpenCode is composing the final response.
[2026-09-05T17:09:12.512Z] Completed read.
[2026-09-05T17:09:12.544Z] OpenCode response step finished (tool-calls).
[2026-09-05T17:09:13.875Z] OpenCode started a response step.
[2026-09-05T17:09:24.778Z] OpenCode is reasoning.
[2026-09-05T17:09:24.778Z] Reasoning summary
[2026-09-05T17:09:28.002Z] Completed bash.
[2026-09-05T17:09:28.926Z] OpenCode is composing the final response.
[2026-09-05T17:09:29.128Z] Completed bash.
[2026-09-05T17:09:29.159Z] OpenCode response step finished (tool-calls).
[2026-09-05T17:09:30.575Z] OpenCode started a response step.
[2026-09-05T17:09:44.245Z] OpenCode is reasoning.
[2026-09-05T17:09:44.245Z] Reasoning summary
[2026-09-05T17:09:46.023Z] Completed read.
[2026-09-05T17:09:47.318Z] Completed read.
[2026-09-05T17:09:48.606Z] Completed read.
[2026-09-05T17:09:49.321Z] OpenCode is composing the final response.
[2026-09-05T17:09:49.412Z] Completed bash.
[2026-09-05T17:09:49.443Z] OpenCode response step finished (tool-calls).
[2026-09-05T17:09:53.377Z] OpenCode started a response step.
[2026-09-05T17:10:08.032Z] OpenCode is reasoning.
[2026-09-05T17:10:08.033Z] Reasoning summary
[2026-09-05T17:10:11.005Z] Completed bash.
[2026-09-05T17:10:12.188Z] OpenCode is composing the final response.
[2026-09-05T17:10:12.298Z] Completed bash.
[2026-09-05T17:10:12.330Z] OpenCode response step finished (tool-calls).
[2026-09-05T17:10:16.397Z] OpenCode started a response step.
[2026-09-05T17:10:23.261Z] OpenCode is reasoning.
[2026-09-05T17:10:23.261Z] Reasoning summary
[2026-09-05T17:10:23.306Z] Completed bash.
[2026-09-05T17:10:23.340Z] OpenCode response step finished (tool-calls).
[2026-09-05T17:10:28.286Z] OpenCode started a response step.
[2026-09-05T17:11:46.346Z] OpenCode is reasoning.
[2026-09-05T17:11:46.347Z] Reasoning summary
[2026-09-05T17:12:12.655Z] OpenCode is composing the final response.
[2026-09-05T17:12:12.696Z] Completed write.
[2026-09-05T17:12:12.729Z] OpenCode response step finished (tool-calls).
[2026-09-05T17:12:15.215Z] OpenCode started a response step.
[2026-09-05T17:12:15.595Z] Completed bash.
[2026-09-05T17:12:15.627Z] OpenCode response step finished (tool-calls).
[2026-09-05T17:12:19.357Z] OpenCode started a response step.
[2026-09-05T17:12:20.619Z] OpenCode is reasoning.
[2026-09-05T17:12:20.620Z] Reasoning summary
[2026-09-05T17:12:22.380Z] Completed edit.
[2026-09-05T17:12:22.419Z] OpenCode is composing the final response.
[2026-09-05T17:12:22.450Z] OpenCode response step finished (tool-calls).
[2026-09-05T17:12:25.968Z] OpenCode started a response step.
[2026-09-05T17:12:25.975Z] Completed edit.
[2026-09-05T17:12:26.016Z] OpenCode response step finished (tool-calls).
[2026-09-05T17:12:27.445Z] OpenCode started a response step.
[2026-09-05T17:12:28.942Z] Completed edit.
[2026-09-05T17:12:28.987Z] OpenCode response step finished (tool-calls).
[2026-09-05T17:12:30.418Z] OpenCode started a response step.
[2026-09-05T17:12:31.186Z] Completed bash.
[2026-09-05T17:12:31.222Z] OpenCode response step finished (tool-calls).
[2026-09-05T17:12:35.262Z] OpenCode started a response step.
[2026-09-05T17:12:37.300Z] OpenCode is reasoning.
[2026-09-05T17:12:37.301Z] Reasoning summary
[2026-09-05T17:12:39.483Z] Completed edit.
[2026-09-05T17:12:40.642Z] Completed edit.
[2026-09-05T17:12:40.675Z] OpenCode response step finished (tool-calls).
[2026-09-05T17:12:42.440Z] OpenCode started a response step.
[2026-09-05T17:12:43.151Z] Completed bash.
[2026-09-05T17:12:43.185Z] OpenCode response step finished (tool-calls).
[2026-09-05T17:12:50.051Z] OpenCode started a response step.
[2026-09-05T17:12:50.056Z] Completed edit.
[2026-09-05T17:12:50.098Z] OpenCode response step finished (tool-calls).
[2026-09-05T17:12:54.394Z] OpenCode started a response step.
[2026-09-05T17:13:02.503Z] OpenCode is reasoning.
[2026-09-05T17:13:02.503Z] Reasoning summary
[2026-09-05T17:13:05.237Z] Failed edit. Could not find oldString in the file. It must match exactly, including whitespace, indentation, and line endings.
[2026-09-05T17:13:06.740Z] Completed edit.
[2026-09-05T17:13:08.106Z] Completed edit.
[2026-09-05T17:13:08.106Z] OpenCode is composing the final response.
[2026-09-05T17:13:08.143Z] OpenCode response step finished (tool-calls).
[2026-09-05T17:13:12.039Z] OpenCode started a response step.
[2026-09-05T17:13:13.892Z] OpenCode is reasoning.
[2026-09-05T17:13:13.892Z] Reasoning summary
[2026-09-05T17:13:13.934Z] Completed bash.
[2026-09-05T17:13:13.965Z] OpenCode response step finished (tool-calls).
[2026-09-05T17:13:15.318Z] OpenCode started a response step.
[2026-09-05T17:13:16.275Z] OpenCode is reasoning.
[2026-09-05T17:13:16.275Z] Reasoning summary
[2026-09-05T17:13:16.323Z] Completed read.
[2026-09-05T17:13:16.356Z] OpenCode response step finished (tool-calls).
[2026-09-05T17:13:17.396Z] OpenCode started a response step.
[2026-09-05T17:13:20.737Z] OpenCode is reasoning.
[2026-09-05T17:13:20.738Z] Reasoning summary
[2026-09-05T17:13:21.926Z] Completed edit.
[2026-09-05T17:13:22.589Z] Completed edit.
[2026-09-05T17:13:24.672Z] Completed edit.
[2026-09-05T17:13:24.717Z] OpenCode is composing the final response.
[2026-09-05T17:13:24.764Z] OpenCode response step finished (tool-calls).
[2026-09-05T17:13:26.199Z] OpenCode started a response step.
[2026-09-05T17:13:26.954Z] Completed bash.
[2026-09-05T17:13:26.987Z] OpenCode response step finished (tool-calls).
[2026-09-05T17:13:28.145Z] OpenCode started a response step.
[2026-09-05T17:13:30.698Z] OpenCode is reasoning.
[2026-09-05T17:13:30.698Z] Reasoning summary
[2026-09-05T17:13:34.698Z] OpenCode is composing the final response.
[2026-09-05T17:13:34.745Z] OpenCode response step finished (stop).
[2026-09-05T17:13:34.899Z] OpenCode session completed.
[2026-09-05T17:13:34.899Z] Final output
[2026-09-05T17:13:34.949Z] Final output
