# Progress events only; model reasoning text intentionally omitted.
[2026-09-05T16:42:02.312Z] Starting OpenCode Task.
[2026-09-05T16:42:02.312Z] Queued for background execution.
[2026-09-05T16:42:02.613Z] Starting OpenCode task session.
[2026-09-05T16:42:12.957Z] OpenCode started a response step.
[2026-09-05T16:42:13.130Z] OpenCode is reasoning.
[2026-09-05T16:42:13.130Z] Reasoning summary
[2026-09-05T16:42:13.253Z] Completed read.
[2026-09-05T16:42:13.716Z] Completed read.
[2026-09-05T16:42:13.750Z] OpenCode response step finished (tool-calls).
[2026-09-05T16:42:17.674Z] OpenCode started a response step.
[2026-09-05T16:42:18.470Z] OpenCode is reasoning.
[2026-09-05T16:42:18.471Z] Reasoning summary
[2026-09-05T16:42:18.693Z] Completed read.
[2026-09-05T16:42:18.822Z] Completed read.
[2026-09-05T16:42:19.026Z] Completed read.
[2026-09-05T16:42:19.229Z] Completed read.
[2026-09-05T16:42:19.328Z] Completed read.
[2026-09-05T16:42:19.352Z] OpenCode response step finished (tool-calls).
[2026-09-05T16:42:23.561Z] OpenCode started a response step.
[2026-09-05T16:42:24.635Z] OpenCode is reasoning.
[2026-09-05T16:42:24.635Z] Reasoning summary
[2026-09-05T16:42:25.132Z] Completed read.
[2026-09-05T16:42:26.677Z] Completed bash.
[2026-09-05T16:42:26.698Z] OpenCode response step finished (tool-calls).
[2026-09-05T16:42:30.934Z] OpenCode started a response step.
[2026-09-05T16:42:31.254Z] OpenCode is reasoning.
[2026-09-05T16:42:31.255Z] Reasoning summary
[2026-09-05T16:42:31.393Z] Completed read.
[2026-09-05T16:42:31.430Z] OpenCode response step finished (tool-calls).
[2026-09-05T16:42:36.028Z] OpenCode started a response step.
[2026-09-05T16:42:36.675Z] OpenCode is reasoning.
[2026-09-05T16:42:36.675Z] Reasoning summary
[2026-09-05T16:42:39.386Z] OpenCode is composing the final response.
[2026-09-05T16:42:39.432Z] Completed bash.
[2026-09-05T16:42:39.466Z] OpenCode response step finished (tool-calls).
[2026-09-05T16:42:44.317Z] OpenCode started a response step.
[2026-09-05T16:42:52.310Z] OpenCode is reasoning.
[2026-09-05T16:42:52.311Z] Reasoning summary
[2026-09-05T16:42:53.390Z] Completed bash.
[2026-09-05T16:42:53.547Z] Completed bash.
[2026-09-05T16:42:54.089Z] OpenCode is composing the final response.
[2026-09-05T16:42:54.129Z] Completed bash.
[2026-09-05T16:42:54.165Z] OpenCode response step finished (tool-calls).
[2026-09-05T16:42:55.399Z] OpenCode started a response step.
[2026-09-05T16:42:55.887Z] OpenCode is reasoning.
[2026-09-05T16:42:55.887Z] Reasoning summary
[2026-09-05T16:42:56.936Z] OpenCode is composing the final response.
[2026-09-05T16:42:56.982Z] Completed bash.
[2026-09-05T16:42:57.015Z] OpenCode response step finished (tool-calls).
[2026-09-05T16:43:01.397Z] OpenCode started a response step.
[2026-09-05T16:43:01.749Z] OpenCode is reasoning.
[2026-09-05T16:43:01.749Z] Reasoning summary
[2026-09-05T16:43:01.877Z] Completed read.
[2026-09-05T16:43:01.915Z] OpenCode response step finished (tool-calls).
[2026-09-05T16:43:06.084Z] OpenCode started a response step.
[2026-09-05T16:43:06.403Z] Completed bash.
[2026-09-05T16:43:06.439Z] OpenCode response step finished (tool-calls).
[2026-09-05T16:43:10.305Z] OpenCode started a response step.
[2026-09-05T16:43:10.312Z] Completed read.
[2026-09-05T16:43:10.359Z] OpenCode response step finished (tool-calls).
[2026-09-05T16:43:14.705Z] OpenCode started a response step.
[2026-09-05T16:43:16.717Z] OpenCode is reasoning.
[2026-09-05T16:43:16.717Z] Reasoning summary
[2026-09-05T16:43:17.052Z] Completed bash.
[2026-09-05T16:43:17.352Z] Completed bash.
[2026-09-05T16:43:17.375Z] OpenCode response step finished (tool-calls).
[2026-09-05T16:43:21.783Z] OpenCode started a response step.
[2026-09-05T16:43:22.757Z] OpenCode is reasoning.
[2026-09-05T16:43:22.757Z] Reasoning summary
[2026-09-05T16:43:22.946Z] Completed bash.
[2026-09-05T16:43:23.422Z] Completed bash.
[2026-09-05T16:43:23.446Z] OpenCode response step finished (tool-calls).
[2026-09-05T16:43:27.351Z] OpenCode started a response step.
[2026-09-05T16:43:27.354Z] Completed read.
[2026-09-05T16:43:27.676Z] Completed bash.
[2026-09-05T16:43:27.727Z] OpenCode response step finished (tool-calls).
[2026-09-05T16:43:32.043Z] OpenCode started a response step.
[2026-09-05T16:43:32.213Z] Completed read.
[2026-09-05T16:43:32.308Z] Completed read.
[2026-09-05T16:43:32.357Z] OpenCode response step finished (tool-calls).
[2026-09-05T16:43:33.770Z] OpenCode started a response step.
[2026-09-05T16:43:34.494Z] OpenCode is reasoning.
[2026-09-05T16:43:34.494Z] Reasoning summary
[2026-09-05T16:43:34.619Z] Completed read.
[2026-09-05T16:43:35.019Z] Completed bash.
[2026-09-05T16:43:35.038Z] OpenCode response step finished (tool-calls).
[2026-09-05T16:43:39.060Z] OpenCode started a response step.
[2026-09-05T16:43:49.325Z] OpenCode is reasoning.
[2026-09-05T16:43:49.325Z] Reasoning summary
[2026-09-05T16:43:49.465Z] Completed read.
[2026-09-05T16:43:49.712Z] Completed bash.
[2026-09-05T16:43:49.733Z] OpenCode response step finished (tool-calls).
[2026-09-05T16:43:55.117Z] OpenCode started a response step.
[2026-09-05T16:44:46.799Z] OpenCode is reasoning.
[2026-09-05T16:44:46.799Z] Reasoning summary
[2026-09-05T16:44:47.492Z] OpenCode is composing the final response.
[2026-09-05T16:44:47.537Z] Completed bash.
[2026-09-05T16:44:47.572Z] OpenCode response step finished (tool-calls).
[2026-09-05T16:44:51.260Z] OpenCode started a response step.
[2026-09-05T16:45:23.980Z] OpenCode is reasoning.
[2026-09-05T16:45:23.980Z] Reasoning summary
[2026-09-05T16:45:24.966Z] Completed bash.
[2026-09-05T16:45:26.438Z] OpenCode is composing the final response.
[2026-09-05T16:45:26.474Z] Completed bash.
[2026-09-05T16:45:26.509Z] OpenCode response step finished (tool-calls).
[2026-09-05T16:45:30.998Z] OpenCode started a response step.
[2026-09-05T16:45:33.707Z] OpenCode is reasoning.
[2026-09-05T16:45:33.707Z] Reasoning summary
[2026-09-05T16:45:34.644Z] Completed bash.
[2026-09-05T16:45:36.168Z] OpenCode is composing the final response.
[2026-09-05T16:45:36.209Z] Completed bash.
[2026-09-05T16:45:36.242Z] OpenCode response step finished (tool-calls).
[2026-09-05T16:45:40.424Z] OpenCode started a response step.
[2026-09-05T16:45:42.900Z] OpenCode is reasoning.
[2026-09-05T16:45:42.900Z] Reasoning summary
[2026-09-05T16:45:42.974Z] Completed bash.
[2026-09-05T16:45:43.833Z] Completed bash.
[2026-09-05T16:45:43.851Z] OpenCode response step finished (tool-calls).
[2026-09-05T16:45:47.665Z] OpenCode started a response step.
[2026-09-05T16:45:49.852Z] OpenCode is reasoning.
[2026-09-05T16:45:49.852Z] Reasoning summary
[2026-09-05T16:45:51.210Z] Completed bash.
[2026-09-05T16:45:51.858Z] OpenCode is composing the final response.
[2026-09-05T16:45:51.897Z] Completed bash.
[2026-09-05T16:45:51.930Z] OpenCode response step finished (tool-calls).
[2026-09-05T16:45:56.856Z] OpenCode started a response step.
[2026-09-05T16:45:59.239Z] OpenCode is reasoning.
[2026-09-05T16:45:59.239Z] Reasoning summary
[2026-09-05T16:45:59.954Z] Completed bash.
[2026-09-05T16:46:00.685Z] Completed bash.
[2026-09-05T16:46:00.702Z] OpenCode response step finished (tool-calls).
[2026-09-05T16:46:04.543Z] OpenCode started a response step.
[2026-09-05T16:46:06.640Z] OpenCode is reasoning.
[2026-09-05T16:46:06.641Z] Reasoning summary
[2026-09-05T16:46:06.714Z] Completed bash.
[2026-09-05T16:46:07.446Z] Completed bash.
[2026-09-05T16:46:07.467Z] OpenCode response step finished (tool-calls).
[2026-09-05T16:46:12.007Z] OpenCode started a response step.
[2026-09-05T16:46:15.506Z] OpenCode is reasoning.
[2026-09-05T16:46:15.506Z] Reasoning summary
[2026-09-05T16:46:15.573Z] Completed bash.
[2026-09-05T16:46:16.421Z] Completed bash.
[2026-09-05T16:46:16.438Z] OpenCode response step finished (tool-calls).
[2026-09-05T16:46:21.155Z] OpenCode started a response step.
[2026-09-05T16:46:21.848Z] OpenCode is reasoning.
[2026-09-05T16:46:21.849Z] Reasoning summary
[2026-09-05T16:46:22.672Z] Completed bash.
[2026-09-05T16:46:23.379Z] Completed bash.
[2026-09-05T16:46:23.397Z] OpenCode response step finished (tool-calls).
[2026-09-05T16:46:28.559Z] OpenCode started a response step.
[2026-09-05T16:46:39.535Z] OpenCode is reasoning.
[2026-09-05T16:46:39.535Z] Reasoning summary
[2026-09-05T16:46:41.106Z] Completed bash.
[2026-09-05T16:46:42.086Z] Completed bash.
[2026-09-05T16:46:42.105Z] OpenCode response step finished (tool-calls).
[2026-09-05T16:46:46.499Z] OpenCode started a response step.
[2026-09-05T16:46:47.339Z] Completed bash.
[2026-09-05T16:46:48.158Z] Completed bash.
[2026-09-05T16:46:48.175Z] OpenCode response step finished (tool-calls).
[2026-09-05T16:46:50.593Z] OpenCode started a response step.
[2026-09-05T16:46:53.866Z] OpenCode is reasoning.
[2026-09-05T16:46:53.866Z] Reasoning summary
[2026-09-05T16:46:53.935Z] Completed bash.
[2026-09-05T16:46:54.620Z] Completed bash.
[2026-09-05T16:46:54.640Z] OpenCode response step finished (tool-calls).
[2026-09-05T16:46:58.526Z] OpenCode started a response step.
[2026-09-05T16:50:54.480Z] OpenCode is reasoning.
[2026-09-05T16:50:54.480Z] Reasoning summary
[2026-09-05T16:50:56.792Z] Completed bash.
[2026-09-05T16:50:58.424Z] OpenCode is composing the final response.
[2026-09-05T16:50:58.462Z] Completed bash.
[2026-09-05T16:50:58.493Z] OpenCode response step finished (tool-calls).
[2026-09-05T16:51:00.826Z] OpenCode started a response step.
[2026-09-05T16:51:02.587Z] OpenCode is reasoning.
[2026-09-05T16:51:02.588Z] Reasoning summary
[2026-09-05T16:51:03.458Z] Completed bash.
[2026-09-05T16:51:03.490Z] OpenCode response step finished (tool-calls).
[2026-09-05T16:51:07.480Z] OpenCode started a response step.
[2026-09-05T16:51:13.077Z] OpenCode is reasoning.
[2026-09-05T16:51:13.077Z] Reasoning summary
[2026-09-05T16:51:13.118Z] Completed bash.
[2026-09-05T16:51:13.151Z] OpenCode response step finished (tool-calls).
[2026-09-05T16:51:14.552Z] OpenCode started a response step.
[2026-09-05T16:52:03.697Z] OpenCode is reasoning.
[2026-09-05T16:52:03.697Z] Reasoning summary
[2026-09-05T16:57:11.154Z] OpenCode started a response step.
[2026-09-05T16:58:53.862Z] OpenCode is reasoning.
[2026-09-05T16:58:53.863Z] Reasoning summary
[2026-09-05T16:59:12.592Z] Cancelled by user.
