# Progress events only; model reasoning text intentionally omitted.
[2026-09-05T16:42:01.972Z] Starting OpenCode Task.
[2026-09-05T16:42:01.972Z] Queued for background execution.
[2026-09-05T16:42:02.256Z] Starting OpenCode task session.
[2026-09-05T16:42:13.779Z] OpenCode started a response step.
[2026-09-05T16:42:13.957Z] OpenCode is reasoning.
[2026-09-05T16:42:13.957Z] Reasoning summary
[2026-09-05T16:42:14.081Z] Completed read.
[2026-09-05T16:42:14.545Z] Completed read.
[2026-09-05T16:42:14.574Z] OpenCode response step finished (tool-calls).
[2026-09-05T16:42:18.206Z] OpenCode started a response step.
[2026-09-05T16:42:19.599Z] OpenCode is reasoning.
[2026-09-05T16:42:19.599Z] Reasoning summary
[2026-09-05T16:42:19.641Z] Completed read.
[2026-09-05T16:42:19.737Z] Completed read.
[2026-09-05T16:42:19.887Z] Completed read.
[2026-09-05T16:42:20.064Z] Completed read.
[2026-09-05T16:42:20.188Z] Completed read.
[2026-09-05T16:42:20.228Z] OpenCode response step finished (tool-calls).
[2026-09-05T16:42:24.167Z] OpenCode started a response step.
[2026-09-05T16:42:24.913Z] OpenCode is reasoning.
[2026-09-05T16:42:24.913Z] Reasoning summary
[2026-09-05T16:42:25.125Z] Completed read.
[2026-09-05T16:42:26.853Z] Completed bash.
[2026-09-05T16:42:26.875Z] OpenCode response step finished (tool-calls).
[2026-09-05T16:42:30.870Z] OpenCode started a response step.
[2026-09-05T16:42:31.442Z] OpenCode is reasoning.
[2026-09-05T16:42:31.442Z] Reasoning summary
[2026-09-05T16:42:31.478Z] Completed read.
[2026-09-05T16:42:31.510Z] OpenCode response step finished (tool-calls).
[2026-09-05T16:42:35.922Z] OpenCode started a response step.
[2026-09-05T16:42:36.176Z] OpenCode is reasoning.
[2026-09-05T16:42:36.176Z] Reasoning summary
[2026-09-05T16:42:36.222Z] Completed read.
[2026-09-05T16:42:36.257Z] OpenCode response step finished (tool-calls).
[2026-09-05T16:42:39.950Z] OpenCode started a response step.
[2026-09-05T16:42:40.595Z] OpenCode is reasoning.
[2026-09-05T16:42:40.595Z] Reasoning summary
[2026-09-05T16:42:40.645Z] Completed read.
[2026-09-05T16:42:40.681Z] OpenCode response step finished (tool-calls).
[2026-09-05T16:42:44.878Z] OpenCode started a response step.
[2026-09-05T16:43:07.450Z] OpenCode is reasoning.
[2026-09-05T16:43:07.450Z] Reasoning summary
[2026-09-05T16:43:08.363Z] Completed bash.
[2026-09-05T16:43:08.489Z] OpenCode is composing the final response.
[2026-09-05T16:43:08.525Z] Completed glob.
[2026-09-05T16:43:08.559Z] OpenCode response step finished (tool-calls).
[2026-09-05T16:43:09.893Z] OpenCode started a response step.
[2026-09-05T16:43:09.898Z] Completed read.
[2026-09-05T16:43:11.148Z] Completed bash.
[2026-09-05T16:43:11.178Z] OpenCode response step finished (tool-calls).
[2026-09-05T16:43:12.259Z] OpenCode started a response step.
[2026-09-05T16:43:13.116Z] OpenCode is reasoning.
[2026-09-05T16:43:13.116Z] Reasoning summary
[2026-09-05T16:43:13.160Z] Completed bash.
[2026-09-05T16:43:13.195Z] OpenCode response step finished (tool-calls).
[2026-09-05T16:43:14.883Z] OpenCode started a response step.
[2026-09-05T16:43:14.887Z] Completed read.
[2026-09-05T16:43:14.932Z] OpenCode response step finished (tool-calls).
[2026-09-05T16:43:16.347Z] OpenCode started a response step.
[2026-09-05T16:43:16.857Z] Completed bash.
[2026-09-05T16:43:16.893Z] OpenCode response step finished (tool-calls).
[2026-09-05T16:43:21.772Z] OpenCode started a response step.
[2026-09-05T16:43:21.804Z] Completed bash.
[2026-09-05T16:43:21.844Z] OpenCode response step finished (tool-calls).
[2026-09-05T16:43:25.863Z] OpenCode started a response step.
[2026-09-05T16:43:37.635Z] OpenCode is reasoning.
[2026-09-05T16:43:37.635Z] Reasoning summary
[2026-09-05T16:43:37.790Z] Completed read.
[2026-09-05T16:43:38.000Z] Completed read.
[2026-09-05T16:43:38.025Z] OpenCode response step finished (tool-calls).
[2026-09-05T16:43:42.216Z] OpenCode started a response step.
[2026-09-05T16:43:42.246Z] Completed read.
[2026-09-05T16:43:42.285Z] OpenCode response step finished (tool-calls).
[2026-09-05T16:43:46.414Z] OpenCode started a response step.
[2026-09-05T16:43:57.295Z] OpenCode is reasoning.
[2026-09-05T16:43:57.296Z] Reasoning summary
[2026-09-05T16:43:57.415Z] Completed read.
[2026-09-05T16:43:57.984Z] Completed bash.
[2026-09-05T16:43:58.005Z] OpenCode response step finished (tool-calls).
[2026-09-05T16:43:59.515Z] OpenCode started a response step.
[2026-09-05T16:43:59.875Z] Completed bash.
[2026-09-05T16:43:59.912Z] OpenCode response step finished (tool-calls).
[2026-09-05T16:44:01.170Z] OpenCode started a response step.
[2026-09-05T16:44:01.174Z] Completed read.
[2026-09-05T16:44:01.333Z] Completed read.
[2026-09-05T16:44:01.357Z] OpenCode response step finished (tool-calls).
[2026-09-05T16:44:05.573Z] OpenCode started a response step.
[2026-09-05T16:44:06.096Z] OpenCode is reasoning.
[2026-09-05T16:44:06.096Z] Reasoning summary
[2026-09-05T16:44:06.213Z] Completed read.
[2026-09-05T16:44:06.250Z] OpenCode response step finished (tool-calls).
[2026-09-05T16:44:09.996Z] OpenCode started a response step.
[2026-09-05T16:45:06.209Z] OpenCode is reasoning.
[2026-09-05T16:45:06.209Z] Reasoning summary
[2026-09-05T16:45:07.308Z] OpenCode is composing the final response.
[2026-09-05T16:45:07.493Z] Completed bash.
[2026-09-05T16:45:07.528Z] OpenCode response step finished (tool-calls).
[2026-09-05T16:45:11.905Z] OpenCode started a response step.
[2026-09-05T16:45:18.527Z] OpenCode is reasoning.
[2026-09-05T16:45:18.527Z] Reasoning summary
[2026-09-05T16:45:20.637Z] Completed bash.
[2026-09-05T16:45:21.586Z] Completed bash.
[2026-09-05T16:45:22.259Z] OpenCode is composing the final response.
[2026-09-05T16:45:22.296Z] Completed bash.
[2026-09-05T16:45:22.330Z] OpenCode response step finished (tool-calls).
[2026-09-05T16:45:26.630Z] OpenCode started a response step.
[2026-09-05T16:45:28.743Z] OpenCode is reasoning.
[2026-09-05T16:45:28.743Z] Reasoning summary
[2026-09-05T16:45:29.337Z] Completed bash.
[2026-09-05T16:45:29.893Z] Completed bash.
[2026-09-05T16:45:29.913Z] OpenCode response step finished (tool-calls).
[2026-09-05T16:45:34.203Z] OpenCode started a response step.
[2026-09-05T16:45:36.249Z] OpenCode is reasoning.
[2026-09-05T16:45:36.249Z] Reasoning summary
[2026-09-05T16:45:37.090Z] OpenCode is composing the final response.
[2026-09-05T16:45:37.157Z] Completed bash.
[2026-09-05T16:45:37.190Z] OpenCode response step finished (tool-calls).
[2026-09-05T16:45:41.898Z] OpenCode started a response step.
[2026-09-05T16:45:42.441Z] Completed bash.
[2026-09-05T16:45:42.475Z] OpenCode response step finished (tool-calls).
[2026-09-05T16:45:46.868Z] OpenCode started a response step.
[2026-09-05T16:45:48.772Z] OpenCode is reasoning.
[2026-09-05T16:45:48.772Z] Reasoning summary
[2026-09-05T16:45:49.896Z] Completed bash.
[2026-09-05T16:45:49.935Z] OpenCode response step finished (tool-calls).
[2026-09-05T16:45:51.641Z] OpenCode started a response step.
[2026-09-05T16:45:58.627Z] OpenCode is reasoning.
[2026-09-05T16:45:58.627Z] Reasoning summary
[2026-09-05T16:45:59.656Z] OpenCode is composing the final response.
[2026-09-05T16:46:01.807Z] Completed bash.
[2026-09-05T16:46:01.841Z] OpenCode response step finished (tool-calls).
[2026-09-05T16:46:06.870Z] OpenCode started a response step.
[2026-09-05T16:46:06.929Z] Completed bash.
[2026-09-05T16:46:06.963Z] OpenCode response step finished (tool-calls).
[2026-09-05T16:46:12.016Z] OpenCode started a response step.
[2026-09-05T16:47:55.045Z] OpenCode is reasoning.
[2026-09-05T16:47:55.045Z] Reasoning summary
[2026-09-05T16:48:08.980Z] OpenCode is composing the final response.
[2026-09-05T16:48:09.118Z] Completed bash.
[2026-09-05T16:48:09.150Z] OpenCode response step finished (tool-calls).
[2026-09-05T16:48:11.164Z] OpenCode started a response step.
[2026-09-05T16:48:12.302Z] OpenCode is reasoning.
[2026-09-05T16:48:12.302Z] Reasoning summary
[2026-09-05T16:48:13.918Z] OpenCode is composing the final response.
[2026-09-05T16:48:14.344Z] Completed bash.
[2026-09-05T16:48:14.392Z] OpenCode response step finished (tool-calls).
[2026-09-05T16:48:19.154Z] OpenCode started a response step.
[2026-09-05T16:48:21.257Z] Completed bash.
[2026-09-05T16:48:21.292Z] OpenCode response step finished (tool-calls).
[2026-09-05T16:48:23.320Z] OpenCode started a response step.
[2026-09-05T16:48:24.289Z] OpenCode is reasoning.
[2026-09-05T16:48:24.289Z] Reasoning summary
[2026-09-05T16:48:25.368Z] Completed bash.
[2026-09-05T16:48:25.401Z] OpenCode response step finished (tool-calls).
[2026-09-05T16:48:27.302Z] OpenCode started a response step.
[2026-09-05T16:48:29.663Z] Completed bash.
[2026-09-05T16:48:29.697Z] OpenCode response step finished (tool-calls).
[2026-09-05T16:48:33.738Z] OpenCode started a response step.
[2026-09-05T16:48:38.427Z] OpenCode is reasoning.
[2026-09-05T16:48:38.428Z] Reasoning summary
[2026-09-05T16:48:38.469Z] Completed bash.
[2026-09-05T16:48:38.503Z] OpenCode response step finished (tool-calls).
[2026-09-05T16:48:42.487Z] OpenCode started a response step.
[2026-09-05T16:54:25.898Z] OpenCode is reasoning.
[2026-09-05T16:54:25.898Z] Reasoning summary
[2026-09-05T16:54:28.132Z] Completed bash.
[2026-09-05T16:54:28.327Z] OpenCode is composing the final response.
[2026-09-05T16:54:28.363Z] Completed bash.
[2026-09-05T16:54:28.396Z] OpenCode response step finished (tool-calls).
[2026-09-05T16:54:30.911Z] OpenCode started a response step.
[2026-09-05T16:54:32.349Z] Completed read.
[2026-09-05T16:54:32.385Z] OpenCode response step finished (tool-calls).
[2026-09-05T16:54:34.365Z] OpenCode started a response step.
[2026-09-05T16:54:37.098Z] OpenCode is reasoning.
[2026-09-05T16:54:37.098Z] Reasoning summary
[2026-09-05T16:54:37.379Z] Completed bash.
[2026-09-05T16:54:37.415Z] OpenCode response step finished (tool-calls).
[2026-09-05T16:54:42.040Z] OpenCode started a response step.
[2026-09-05T16:54:52.400Z] OpenCode is reasoning.
[2026-09-05T16:54:52.400Z] Reasoning summary
[2026-09-05T16:54:52.437Z] Completed bash.
[2026-09-05T16:54:52.472Z] OpenCode response step finished (tool-calls).
[2026-09-05T16:54:58.326Z] OpenCode started a response step.
[2026-09-05T16:54:59.888Z] OpenCode is reasoning.
[2026-09-05T16:54:59.888Z] Reasoning summary
[2026-09-05T16:55:00.491Z] Completed bash.
[2026-09-05T16:55:00.524Z] OpenCode response step finished (tool-calls).
[2026-09-05T16:55:05.033Z] OpenCode started a response step.
[2026-09-05T16:55:05.420Z] Completed bash.
[2026-09-05T16:55:05.453Z] OpenCode response step finished (tool-calls).
[2026-09-05T16:55:09.583Z] OpenCode started a response step.
[2026-09-05T16:56:39.333Z] OpenCode is reasoning.
[2026-09-05T16:56:39.334Z] Reasoning summary
[2026-09-05T16:59:12.439Z] Cancelled by user.
