# Progress events only; model reasoning text intentionally omitted.
[2026-09-05T17:00:20.343Z] Starting OpenCode Task.
[2026-09-05T17:00:20.343Z] Queued for background execution.
[2026-09-05T17:00:20.636Z] Starting OpenCode task session.
[2026-09-05T17:00:29.089Z] OpenCode started a response step.
[2026-09-05T17:00:34.090Z] OpenCode is reasoning.
[2026-09-05T17:00:34.090Z] Reasoning summary
[2026-09-05T17:00:35.637Z] Completed todowrite.
[2026-09-05T17:00:35.676Z] OpenCode response step finished (tool-calls).
[2026-09-05T17:00:36.853Z] OpenCode started a response step.
[2026-09-05T17:00:36.859Z] Completed read.
[2026-09-05T17:00:36.988Z] Completed read.
[2026-09-05T17:00:37.172Z] Completed read.
[2026-09-05T17:00:37.319Z] Completed read.
[2026-09-05T17:00:37.346Z] OpenCode response step finished (tool-calls).
[2026-09-05T17:00:41.488Z] OpenCode started a response step.
[2026-09-05T17:00:41.717Z] OpenCode is reasoning.
[2026-09-05T17:00:41.717Z] Reasoning summary
[2026-09-05T17:00:42.981Z] Completed todowrite.
[2026-09-05T17:00:43.020Z] OpenCode is composing the final response.
[2026-09-05T17:00:43.055Z] OpenCode response step finished (tool-calls).
[2026-09-05T17:00:46.840Z] OpenCode started a response step.
[2026-09-05T17:00:48.162Z] Completed bash.
[2026-09-05T17:00:48.198Z] OpenCode response step finished (tool-calls).
[2026-09-05T17:00:49.785Z] OpenCode started a response step.
[2026-09-05T17:00:49.793Z] Completed read.
[2026-09-05T17:00:49.834Z] OpenCode response step finished (tool-calls).
[2026-09-05T17:00:50.786Z] OpenCode started a response step.
[2026-09-05T17:00:52.636Z] OpenCode is reasoning.
[2026-09-05T17:00:52.636Z] Reasoning summary
[2026-09-05T17:00:52.684Z] Completed bash.
[2026-09-05T17:00:52.720Z] OpenCode response step finished (tool-calls).
[2026-09-05T17:00:55.091Z] OpenCode started a response step.
[2026-09-05T17:00:55.092Z] Completed todowrite.
[2026-09-05T17:00:55.136Z] OpenCode response step finished (tool-calls).
[2026-09-05T17:00:56.317Z] OpenCode started a response step.
[2026-09-05T17:01:06.183Z] OpenCode is reasoning.
[2026-09-05T17:01:06.183Z] Reasoning summary
[2026-09-05T17:01:08.686Z] OpenCode is composing the final response.
[2026-09-05T17:01:08.729Z] Completed bash.
[2026-09-05T17:01:08.764Z] OpenCode response step finished (tool-calls).
[2026-09-05T17:01:10.839Z] OpenCode started a response step.
[2026-09-05T17:01:10.844Z] Completed read.
[2026-09-05T17:01:12.057Z] Completed read.
[2026-09-05T17:01:12.082Z] OpenCode response step finished (tool-calls).
[2026-09-05T17:01:13.713Z] OpenCode started a response step.
[2026-09-05T17:01:20.467Z] OpenCode is reasoning.
[2026-09-05T17:01:20.467Z] Reasoning summary
[2026-09-05T17:01:21.036Z] Completed bash.
[2026-09-05T17:01:22.686Z] OpenCode is composing the final response.
[2026-09-05T17:01:22.727Z] Completed bash.
[2026-09-05T17:01:22.763Z] OpenCode response step finished (tool-calls).
[2026-09-05T17:01:25.254Z] OpenCode started a response step.
[2026-09-05T17:01:25.265Z] Completed read.
[2026-09-05T17:01:27.308Z] Completed bash.
[2026-09-05T17:01:27.331Z] OpenCode response step finished (tool-calls).
[2026-09-05T17:01:28.376Z] OpenCode started a response step.
[2026-09-05T17:01:29.322Z] OpenCode is reasoning.
[2026-09-05T17:01:29.322Z] Reasoning summary
[2026-09-05T17:01:30.179Z] OpenCode is composing the final response.
[2026-09-05T17:01:30.328Z] Completed bash.
[2026-09-05T17:01:30.363Z] OpenCode response step finished (tool-calls).
[2026-09-05T17:01:31.719Z] OpenCode started a response step.
[2026-09-05T17:01:33.329Z] Completed bash.
[2026-09-05T17:01:33.364Z] OpenCode response step finished (tool-calls).
[2026-09-05T17:01:34.679Z] OpenCode started a response step.
[2026-09-05T17:02:56.605Z] OpenCode is reasoning.
[2026-09-05T17:02:56.606Z] Reasoning summary
[2026-09-05T17:02:56.966Z] OpenCode is composing the final response.
[2026-09-05T17:02:57.011Z] Completed bash.
[2026-09-05T17:02:57.050Z] OpenCode response step finished (tool-calls).
[2026-09-05T17:02:59.079Z] OpenCode started a response step.
[2026-09-05T17:03:22.044Z] Completed write.
[2026-09-05T17:03:22.090Z] OpenCode response step finished (tool-calls).
[2026-09-05T17:03:27.165Z] OpenCode started a response step.
[2026-09-05T17:03:27.200Z] Completed bash.
[2026-09-05T17:03:27.237Z] OpenCode response step finished (tool-calls).
[2026-09-05T17:03:32.270Z] OpenCode started a response step.
[2026-09-05T17:03:32.270Z] Completed todowrite.
[2026-09-05T17:03:32.314Z] OpenCode response step finished (tool-calls).
[2026-09-05T17:03:33.724Z] OpenCode started a response step.
[2026-09-05T17:03:37.020Z] OpenCode is composing the final response.
[2026-09-05T17:03:37.065Z] OpenCode response step finished (stop).
[2026-09-05T17:03:37.222Z] OpenCode session completed.
[2026-09-05T17:03:37.223Z] Final output
[2026-09-05T17:03:37.276Z] Final output
