# Progress events only; model reasoning text intentionally omitted.
[2026-09-05T17:00:20.687Z] Starting OpenCode Task.
[2026-09-05T17:00:20.687Z] Queued for background execution.
[2026-09-05T17:00:20.981Z] Starting OpenCode task session.
[2026-09-05T17:00:31.320Z] OpenCode started a response step.
[2026-09-05T17:00:37.689Z] OpenCode is reasoning.
[2026-09-05T17:00:37.689Z] Reasoning summary
[2026-09-05T17:00:37.880Z] Completed read.
[2026-09-05T17:00:37.976Z] Completed read.
[2026-09-05T17:00:38.151Z] Completed read.
[2026-09-05T17:00:38.346Z] Completed read.
[2026-09-05T17:00:38.370Z] OpenCode response step finished (tool-calls).
[2026-09-05T17:00:42.133Z] OpenCode started a response step.
[2026-09-05T17:00:42.494Z] OpenCode is reasoning.
[2026-09-05T17:00:42.494Z] Reasoning summary
[2026-09-05T17:00:43.603Z] Completed bash.
[2026-09-05T17:00:43.641Z] OpenCode response step finished (tool-calls).
[2026-09-05T17:00:45.049Z] OpenCode started a response step.
[2026-09-05T17:00:45.370Z] OpenCode is reasoning.
[2026-09-05T17:00:45.371Z] Reasoning summary
[2026-09-05T17:00:45.522Z] Completed read.
[2026-09-05T17:00:45.563Z] OpenCode response step finished (tool-calls).
[2026-09-05T17:00:49.558Z] OpenCode started a response step.
[2026-09-05T17:00:50.279Z] OpenCode is reasoning.
[2026-09-05T17:00:50.279Z] Reasoning summary
[2026-09-05T17:00:50.329Z] Completed read.
[2026-09-05T17:00:50.365Z] OpenCode response step finished (tool-calls).
[2026-09-05T17:00:51.434Z] OpenCode started a response step.
[2026-09-05T17:00:52.154Z] OpenCode is reasoning.
[2026-09-05T17:00:52.154Z] Reasoning summary
[2026-09-05T17:00:52.202Z] Completed read.
[2026-09-05T17:00:52.237Z] OpenCode response step finished (tool-calls).
[2026-09-05T17:00:53.751Z] OpenCode started a response step.
[2026-09-05T17:01:33.501Z] OpenCode is reasoning.
[2026-09-05T17:01:33.501Z] Reasoning summary
[2026-09-05T17:01:35.637Z] Completed bash.
[2026-09-05T17:01:36.371Z] OpenCode is composing the final response.
[2026-09-05T17:01:36.485Z] Completed bash.
[2026-09-05T17:01:36.519Z] OpenCode response step finished (tool-calls).
[2026-09-05T17:01:40.879Z] OpenCode started a response step.
[2026-09-05T17:02:26.375Z] OpenCode is reasoning.
[2026-09-05T17:02:26.375Z] Reasoning summary
[2026-09-05T17:02:28.397Z] Completed bash.
[2026-09-05T17:02:29.056Z] OpenCode is composing the final response.
[2026-09-05T17:02:29.127Z] Completed bash.
[2026-09-05T17:02:29.162Z] OpenCode response step finished (tool-calls).
[2026-09-05T17:02:33.302Z] OpenCode started a response step.
[2026-09-05T17:02:47.846Z] OpenCode is reasoning.
[2026-09-05T17:02:47.846Z] Reasoning summary
[2026-09-05T17:02:49.755Z] OpenCode is composing the final response.
[2026-09-05T17:02:50.114Z] Completed bash.
[2026-09-05T17:02:50.151Z] OpenCode response step finished (tool-calls).
[2026-09-05T17:02:51.190Z] OpenCode started a response step.
[2026-09-05T17:02:53.778Z] OpenCode is reasoning.
[2026-09-05T17:02:53.778Z] Reasoning summary
[2026-09-05T17:02:56.988Z] OpenCode is composing the final response.
[2026-09-05T17:02:57.887Z] Completed bash.
[2026-09-05T17:02:57.921Z] OpenCode response step finished (tool-calls).
[2026-09-05T17:02:59.151Z] OpenCode started a response step.
[2026-09-05T17:04:45.842Z] OpenCode is reasoning.
[2026-09-05T17:04:45.842Z] Reasoning summary
[2026-09-05T17:04:46.478Z] OpenCode is composing the final response.
[2026-09-05T17:04:46.516Z] Completed bash.
[2026-09-05T17:04:46.548Z] OpenCode response step finished (tool-calls).
[2026-09-05T17:04:51.033Z] OpenCode started a response step.
[2026-09-05T17:05:15.924Z] Completed write.
[2026-09-05T17:05:15.964Z] OpenCode response step finished (tool-calls).
[2026-09-05T17:05:18.037Z] OpenCode started a response step.
[2026-09-05T17:05:18.548Z] OpenCode is reasoning.
[2026-09-05T17:05:18.548Z] Reasoning summary
[2026-09-05T17:05:20.152Z] OpenCode is composing the final response.
[2026-09-05T17:05:20.198Z] Completed bash.
[2026-09-05T17:05:20.231Z] OpenCode response step finished (tool-calls).
[2026-09-05T17:05:25.211Z] OpenCode started a response step.
[2026-09-05T17:05:27.896Z] OpenCode is reasoning.
[2026-09-05T17:05:27.896Z] Reasoning summary
[2026-09-05T17:05:31.473Z] OpenCode is composing the final response.
[2026-09-05T17:05:31.513Z] OpenCode response step finished (stop).
[2026-09-05T17:05:31.666Z] OpenCode session completed.
[2026-09-05T17:05:31.666Z] Final output
[2026-09-05T17:05:31.718Z] Final output
