[2026-09-06T00:58:40.122Z] Starting OpenCode Task.
[2026-09-06T00:58:40.122Z] Queued for background execution.
[2026-09-06T00:58:40.416Z] Starting OpenCode task session.
[2026-09-06T00:58:50.234Z] OpenCode started a response step.
[2026-09-06T00:58:50.526Z] OpenCode is reasoning.
[2026-09-06T00:58:50.569Z] Completed read.
[2026-09-06T00:58:50.752Z] Completed read.
[2026-09-06T00:58:50.799Z] Completed read.
[2026-09-06T00:58:50.930Z] Completed read.
[2026-09-06T00:58:51.122Z] Completed read.
[2026-09-06T00:58:51.178Z] OpenCode response step finished (tool-calls).
[2026-09-06T00:58:54.792Z] OpenCode started a response step.
[2026-09-06T00:58:54.998Z] OpenCode is reasoning.
[2026-09-06T00:58:56.219Z] Completed bash.
[2026-09-06T00:58:56.255Z] OpenCode response step finished (tool-calls).
[2026-09-06T00:59:02.580Z] OpenCode started a response step.
[2026-09-06T00:59:02.907Z] Completed read.
[2026-09-06T00:59:02.946Z] OpenCode response step finished (tool-calls).
[2026-09-06T00:59:08.013Z] OpenCode started a response step.
[2026-09-06T01:02:55.415Z] OpenCode is reasoning.
[2026-09-06T01:02:55.895Z] Completed bash.
[2026-09-06T01:02:55.936Z] OpenCode response step finished (tool-calls).
[2026-09-06T01:02:59.678Z] OpenCode started a response step.
[2026-09-06T01:03:29.488Z] OpenCode is reasoning.
[2026-09-06T01:03:29.528Z] Completed write.
[2026-09-06T01:03:29.563Z] OpenCode response step finished (tool-calls).
[2026-09-06T01:03:33.699Z] OpenCode started a response step.
[2026-09-06T01:03:34.045Z] Completed bash.
[2026-09-06T01:03:34.082Z] OpenCode response step finished (tool-calls).
[2026-09-06T01:03:38.061Z] OpenCode started a response step.
[2026-09-06T01:03:39.492Z] OpenCode is reasoning.
[2026-09-06T01:03:40.197Z] Completed read.
[2026-09-06T01:03:40.240Z] OpenCode response step finished (tool-calls).
[2026-09-06T01:03:44.195Z] OpenCode started a response step.
[2026-09-06T01:03:47.070Z] OpenCode is reasoning.
[2026-09-06T01:03:50.353Z] OpenCode is composing the final response.
[2026-09-06T01:03:50.400Z] OpenCode response step finished (stop).
[2026-09-06T01:03:50.587Z] OpenCode session completed.
